Machine type is Z80

mycrtcpm.obj    text            0      13D      data         99FB        1
p1cclass.obj    data         99FC       81
p1emit.obj      text          13D      7C1      data         9A7D       91
                bss          A3EF       42
p1expr1.obj     text          8FE      312      data         9B0E        6
                bss          A431       8F
p1expr2.obj     text          C10      183
p1expr3.obj     text          D93      528      data         9B14        4
p1expr4.obj     text         12BB      3DA
p1expr5.obj     text         1695      6FE
p1expr6.obj     text         1D93      B49      data         9B18       25
p1lex1.obj      text         28DC      5B9      data         9B3D      10F
                bss          A4C0       97
p1lex2.obj      text         2E95      95A      data         9C4C       8A
p1main.obj      text         37EF      399      data         9CD6       A1
                bss          A557      192      top          A900      2AF
p1op.obj        data         9D77      220
p1prog.obj      text         3B88      64F      data         9F97       47
                bss          A6E9        9
p1stmt.obj      text         41D7      D74      data         9FDE       53
p1sym.obj       text         4F4B     1536      data         A031      126
                bss          A6F2        4
p1type1.obj     text         6481      284      data         A157        4
p1type2.obj     text         6705      308
p1type3.obj     text         6A0D      338      data         A15B       1A
p1type4.obj     text         6D45      742      data         A175       2B
p1type5.obj     text         7487      75B
p1type6.obj     text         7BE2      4DC      data         A1A0        6
p1type7.obj     text         80BE      1A7      data         A1A6       10
p1hash.obj      text         8265      281
p1alloc.obj     text         84E6      143      top          ABAF      12C
libc.obj        text         8629     13D2      data         A1B6      239
                bss          A6F6      20A

TOTAL           Name         Link     Load   Length
                (abs)           0        0        0
                text            0        0     99FB
                data         99FB     99FB      9F4
                bss          A3EF     A3EF      511
                top          A900     A900      3DB

                                  Symbol Table

_AddToList               text  8333  _ComputeHashEntry        text  4F4E
_GetByte                 text  85BE  _GetFirstSym             text  84B7
_GetNextSym              text  847E  _GetString               text  8593
_GetWord                 text  85DA  _Get_SymList             text  8534
_Get_hashtab             text  8525  _InitDynM                top   ABAF
_InitHash                text  8265  _InitHashEntry           text  82DC
_IsHeader                text  84E6  _IsValid                 text  860E
_PutByte                 text  85B1  _PutString               text  85A2
_PutWord                 text  85CB  _ReadMem                 text  85E8
_RemoveFromList          text  83E3  _StringLen               text  8588
_TotalSize               text  8539  _WriteMem                text  85FB
__Hbss                   bss   A900  __Hdata                  data  A3EF
__Htext                  text  99FB  __Htop                   top   ACDB
__Lbss                   bss   A3EF  __Ldata                  data  99FB
__Ltext                  text  0000  __Ltop                   top   A900
__argc_                  bss   A8FA  __ctype_                 data  A21E
__fcb                    data  A29F  __iob                    data  A1BE
__sibuf                  bss   A6FA  _allocFConst             text  1DB8
_allocIConst             text  2703  _allocId                 text  2675
_allocSConst             text  26D7  _allocSType              text  272E
_atoi                    text  92BF  _base                    bss   A8FF
_bdos                    text  8EE0  _bdoshl                  text  8D75
_blank                   data  A031  _blkclr                  text  99EB
_breakpoint              text  8500  _brk                     text  891B
_byte_8f85               data  9B12  _byte_8f86               data  9B13
_byte_968b               bss   A495  _byte_9d37               bss   A431
_byte_a289               bss   A6EB  _byte_a299               bss   A6F4
_byte_a29a               bss   A6F5  _ca9CB1                  bss   A3F1
_calledBy                text  84F9  _ccClass                 data  99FC
_checkScopeExit          text  5965  _cleanup                 text  8A2F
_closeFiles              text  3AF0  _common_6fab             text  7BE2
_complexErr              text  2755  _copyTmp                 text  3A91
_crfFile                 bss   A5F8  _crfFp                   bss   A5FC
_crfNameBuf              bss   A557  _curFuncNode             bss   A6EF
_def_fcb                 text  9629  _depth                   bss   A6EC
_doprnt                  text  902F  _emitLabelDef            text  02A5
_emitSrcInfo             text  35AB  _enterScope              text  5941
_errBuf                  bss   A577  _errCnt                  bss   A5FA
_escCh                   text  3615  _exit                    text  89B7
_exitScope               text  5951  _expect                  text  37B2
_expectErr               text  3A79  _fatalErr                text  3A15
_fclose                  text  8CF0  _ffile                   bss   A8FD
_fflush                  text  8D8B  _fgetc                   text  8B8B
_fgets                   text  8B14  _filbuf                  text  8C07
_findMember              text  5C35  _flsbuf                  text  956B
_fopen                   text  8AD4  _format_and_print        text  3894
_fprintf                 text  9422  _fputc                   text  8F45
_fputs                   text  8EFA  _free                    text  99D1
_freopen                 text  9444  _getCh                   text  336C
_getargs                 text  8FC2  _inBuf                   bss   A5FE
_inCnt                   bss   A509  _isValidDimType          text  63D9
_keywords                data  9B3D  _lInfoEmitted            bss   A510
_l_opt                   bss   A680  _lastEmitFunc            bss   A4E0
_lastEmitSrc             bss   A511  _leds                    text  8513
_left                    bss   A8FC  _lineNo                  bss   A67E
_lookup                  text  4FA7  _main                    text  37EF
_malloc                  text  97FD  _myallocstr              text  857E
_myallocsym              text  8566  _n_opt                   bss   A684
_nameBuf                 bss   A4C0  _newTmpLabel             text  5D5C
_nodeAlloc               text  57E2  _nodeCnt                 data  A032
_opTable                 data  9D77  _p12_a297                bss   A6F2
_p25_a28f                bss   A6E9  _p2List                  data  9B0E
_pad9d00                 bss   A4A3  _parseAsm                text  320C
_parseName               text  30F7  _parseNumber             text  2E95
_parseStmt               text  425D  _parseStmtAsm            text  44D0
_parseStmtBreak_Continue text  4B1C  _parseStmtCase           text  4BC9
_parseStmtDefault        text  4B58  _parseStmtDo             text  45E9
_parseStmtFor            text  496B  _parseStmtGoto           text  4D3C
_parseStmtGroup          text  443B  _parseStmtIf             text  46C8
_parseStmtLabel          text  4DA5  _parseStmtReturn         text  4CE0
_parseStmtSwitch         text  47C7  _parseStmtWhile          text  4542
_parseString             text  328C  _peekCh                  text  376A
_pnum                    text  930C  _popExpr                 text  2781
_pputc                   text  92F8  _prErrMsg                text  33FA
_prError                 text  39D5  _prFuncBrace             text  0278
_prMsg                   text  385E  _prMsgAt                 text  34D0
_prWarning               text  3A40  _printf                  text  9010
_pushS13                 text  275E  _putchar                 text  8F2F
_reduceNodeRef           text  5891  _releaseNodeFreeList     text  57DF
_rindex                  text  866F  _runtop                  top   A900
_s13Alloc                text  23F9  _s13FreeList             bss   A482
_s13ReleaseFreeList      text  23CB  _s13SP                   bss   A491
_s13Stk                  bss   A432  _s13_9d1b                bss   A484
_s13_9d28                bss   A496  _s2_9cf3                 bss   A45A
_sInfoEmitted            bss   A50F  _s_opt                   bss   A683
_sbrk                    text  8923  _setbuf                  text  8A54
_skipStmt                text  3783  _skipToSemi              text  37D7
_skipWs                  text  35FA  _sprintf                 text  89EE
_srcFile                 bss   A685  _srcFileArg              bss   A681
_startTokCnt             bss   A50B  _strChCnt                bss   A555
_strId                   data  9B10  _strcat                  text  93D1
_strcmp                  text  9395  _strcpy                  text  93EC
_strlen                  text  93FE  _strncmp                 text  93AF
_strncpy                 text  940C  _sub_013d                text  013D
_sub_01c1                text  01C1  _sub_01ec                text  0208
_sub_0273                text  02C0  _sub_02a6                text  02F3
_sub_0353                text  03A0  _sub_042d                text  04D6
_sub_0470                text  0519  _sub_0493                text  053C
_sub_053f                text  062C  _sub_05b5                text  06A2
_sub_05d3                text  06C0  _sub_05f1                text  06DE
_sub_07e3                text  08F1  _sub_07f5                text  08FE
_sub_0817                text  0920  _sub_0a83                text  0C10
_sub_0aed                text  0C7D  _sub_0b93                text  0D26
_sub_0bfc                text  0D93  _sub_10a8                text  12BB
_sub_1340                text  1559  _sub_1441                text  1695
_sub_1b4b                text  1D93  _sub_1b94                text  1DDB
_sub_1bf7                text  1E3E  _sub_1ccc                text  1F3D
_sub_1d02                text  1F73  _sub_1d5a                text  1FC7
_sub_1df0                text  2058  _sub_1e37                text  209D
_sub_1e58                text  20BD  _sub_1ebd                text  212B
_sub_1ef1                text  2163  _sub_1f5d                text  21D6
_sub_2105                text  237B  _sub_21c7                text  2438
_sub_225a                text  24C8  _sub_23b4                text  261F
_sub_2529                text  279F  _sub_255d                text  27D3
_sub_2569                text  27DF  _sub_25f7                text  2869
_sub_3abf                text  3B66  _sub_3adf                text  3B88
_sub_3c7e                text  3D71  _sub_3d24                text  3E3E
_sub_409b                text  41D7  _sub_4ca4                text  4E07
_sub_4ce8                text  4E94  _sub_4d15                text  4EC6
_sub_4d67                text  4F1C  _sub_4d92                text  4F4B
_sub_4e90                text  5086  _sub_4eed                text  50EB
_sub_516c                text  552E  _sub_51cf                text  55E0
_sub_51e7                text  560D  _sub_56a4                text  5BFC
_sub_573b                text  5CDE  _sub_578d                text  5D64
_sub_583a                text  5E29  _sub_58bd                text  5EAC
_sub_591d                text  5FE0  _sub_5a4a                text  6239
_sub_5a76                text  627B  _sub_5aa4                text  6306
_sub_5ad5                text  633B  _sub_5b08                text  6371
_sub_5b38                text  63A4  _sub_5b99                text  640E
_sub_5be1                text  6481  _sub_5c19                text  6505
_sub_5c50                text  6543  _sub_5dd1                text  6705
_sub_60db                text  6A0D  _sub_6360                text  6D45
_sub_6531                text  6F42  _sub_65e2                text  7010
_sub_69ca                text  7487  _sub_6fab                text  7CF1
_sub_742a                text  80BE  _sub_7454                text  80E6
_test_brk                text  9600  _tmpFile                 data  9CD6
_tmpFp                   bss   A575  _tmpLabelId              bss   A4BE
_tmp_yylex               text  28DC  _toupper                 text  88EE
_ungetCh                 bss   A50D  _ungetTok                bss   A508
_unlink                  text  9778  _unreachable             bss   A6F1
_w_opt                   bss   A5F7  _word_968c               bss   A493
_word_9caf               bss   A3EF  _word_a28b               bss   A6ED
_xalloc                  text  3B1F  _yylex                   text  2E60
_yylval                  bss   A551  adiv                     text  869D
aladd                    text  898A  aldiv                    text  8761
almod                    text  8788  almul                    text  8881
amod                     text  868E  amul                     text  86F6
asal                     text  895C  asaldiv                  text  874C
asalmod                  text  879A  asar                     text  8998
asll                     text  895C  aslladd                  text  88E6
aslldiv                  text  8780  asllmod                  text  87AD
aslr                     text  896B  brelop                   text  8F9D
cret                     text  8635  csv                      text  8629
indir                    text  863C  ladec                    text  8860
lainc                    text  8847  ldiv                     text  8698
lladd                    text  898A  lldec                    text  8860
lldiv                    text  8774  llinc                    text  8847
llmod                    text  87A2  llmul                    text  8881
llrsh                    text  886D  lmod                     text  8693
lmul                     text  86F6  ncsv                     text  863D
nularg                   data  99FB  rcsv                     text  8651
shal                     text  894F  shar                     text  89A7
shll                     text  894F  shlr                     text  897A
start                    text  0100  startup                  text  8FC0
wrelop                   text  8FB1

