Machine type is Z80

mycrtcpm.obj    text            0      13D      data         9CD7        1
p1cclass.obj    data         9CD8       81
p1emit.obj      text          13D      7C1      data         9D59       91
                bss          A6CB       42
p1expr1.obj     text          8FE      312      data         9DEA        6
                bss          A70D       8F
p1expr2.obj     text          C10      183
p1expr3.obj     text          D93      528      data         9DF0        4
p1expr4.obj     text         12BB      3DA
p1expr5.obj     text         1695      7AF
p1expr6.obj     text         1E44      B49      data         9DF4       25
p1lex1.obj      text         298D      5B9      data         9E19      10F
                bss          A79C       97
p1lex2.obj      text         2F46      95A      data         9F28       8A
p1main.obj      text         38A0      399      data         9FB2       A1
                bss          A833      192      top          AFDE      2AF
p1op.obj        data         A053      220
p1prog.obj      text         3C39      64F      data         A273       47
                bss          A9C5        9
p1stmt.obj      text         4288      D74      data         A2BA       53
p1sym.obj       text         4FFC     1536      data         A30D      126
                bss          A9CE        4
p1type1.obj     text         6532      284      data         A433        4
p1type2.obj     text         67B6      308
p1type3.obj     text         6ABE      338      data         A437       1A
p1type4.obj     text         6DF6      6DA      data         A451       2B
                bss          A9D2      402
p1type5.obj     text         74D0      786
p1type6.obj     text         7C56      4FB      data         A47C        6
p1type7.obj     text         8151      1A7      data         A482       10
p1hash.obj      text         82F8      281
p1alloc.obj     text         8579      38C
libc.obj        text         8905     13D2      data         A492      239
                bss          ADD4      20A

TOTAL           Name         Link     Load   Length
                (abs)           0        0        0
                text            0        0     9CD7
                data         9CD7     9CD7      9F4
                bss          A6CB     A6CB      913
                top          AFDE     AFDE      2AF

                                  Symbol Table

_AddToList               text  83C6  _ComputeHashEntry        text  4FFF
_GetByte                 text  8809  _GetFirstSym             text  854A
_GetNextSym              text  8511  _GetString               text  8789
_GetWord                 text  885F  _Get_SymList             text  85E5
_Get_hashtab             text  85D6  _InitDynM                text  85F9
_InitHash                text  82F8  _InitHashEntry           text  836F
_IsHeader                text  8579  _IsValid                 text  88EA
_PutByte                 text  87DF  _PutString               text  87B4
_PutWord                 text  8833  _ReadMem                 text  888A
_RemoveFromList          text  8476  _StringLen               text  8762
_TotalSize               text  85EA  _WriteMem                text  88BA
__Hbss                   bss   AFDE  __Hdata                  data  A6CB
__Htext                  text  9CD7  __Htop                   top   B28D
__Lbss                   bss   A6CB  __Ldata                  data  9CD7
__Ltext                  text  0000  __Ltop                   top   AFDE
__argc_                  bss   AFD8  __ctype_                 data  A4FA
__fcb                    data  A57B  __iob                    data  A49A
__sibuf                  bss   ADD8  _allocFConst             text  1E69
_allocIConst             text  27B4  _allocId                 text  2726
_allocSConst             text  2788  _allocSType              text  27DF
_args                    bss   A9D2  _atoi                    text  959B
_base                    bss   AFDD  _bdos                    text  91BC
_bdoshl                  text  9051  _blank                   data  A30D
_blkclr                  text  9CC7  _breakpoint              text  8593
_brk                     text  8BF7  _byte_8f85               data  9DEE
_byte_8f86               data  9DEF  _byte_968b               bss   A771
_byte_9d37               bss   A70D  _byte_a289               bss   A9C7
_byte_a299               bss   A9D0  _byte_a29a               bss   A9D1
_ca9CB1                  bss   A6CD  _calledBy                text  858C
_ccClass                 data  9CD8  _checkScopeExit          text  5A16
_cleanup                 text  8D0B  _closeFiles              text  3BA1
_common_6fab             text  7C56  _complexErr              text  2806
_copyTmp                 text  3B42  _crfFile                 bss   A8D4
_crfFp                   bss   A8D8  _crfNameBuf              bss   A833
_curFuncNode             bss   A9CB  _def_fcb                 text  9905
_depth                   bss   A9C8  _doprnt                  text  930B
_emitLabelDef            text  02A5  _emitSrcInfo             text  365C
_enterScope              text  59F2  _errBuf                  bss   A853
_errCnt                  bss   A8D6  _escCh                   text  36C6
_exit                    text  8C93  _exitScope               text  5A02
_expect                  text  3863  _expectErr               text  3B2A
_fatalErr                text  3AC6  _fclose                  text  8FCC
_ffile                   bss   AFDB  _fflush                  text  9067
_fgetc                   text  8E67  _fgets                   text  8DF0
_filbuf                  text  8EE3  _findMember              text  5CE6
_flsbuf                  text  9847  _fopen                   text  8DB0
_format_and_print        text  3945  _fprintf                 text  96FE
_fputc                   text  9221  _fputs                   text  91D6
_free                    text  9CAD  _freopen                 text  9720
_getCh                   text  341D  _getargs                 text  929E
_inBuf                   bss   A8DA  _inCnt                   bss   A7E5
_isValidDimType          text  648A  _keywords                data  9E19
_lInfoEmitted            bss   A7EC  _l_opt                   bss   A95C
_lastEmitFunc            bss   A7BC  _lastEmitSrc             bss   A7ED
_leds                    text  85A5  _left                    bss   AFDA
_lineNo                  bss   A95A  _lookup                  text  5058
_main                    text  38A0  _malloc                  text  9AD9
_myallocstr              text  8647  _myallocsym              text  8630
_n_opt                   bss   A960  _nameBuf                 bss   A79C
_newTmpLabel             text  5E0D  _nodeAlloc               text  5893
_nodeCnt                 data  A30E  _opTable                 data  A053
_p12_a297                bss   A9CE  _p25_a28f                bss   A9C5
_p2List                  data  9DEA  _pad9d00                 bss   A77F
_parseAsm                text  32BD  _parseName               text  31A8
_parseNumber             text  2F46  _parseStmt               text  430E
_parseStmtAsm            text  4581  _parseStmtBreak_Continue text  4BCD
_parseStmtCase           text  4C7A  _parseStmtDefault        text  4C09
_parseStmtDo             text  469A  _parseStmtFor            text  4A1C
_parseStmtGoto           text  4DED  _parseStmtGroup          text  44EC
_parseStmtIf             text  4779  _parseStmtLabel          text  4E56
_parseStmtReturn         text  4D91  _parseStmtSwitch         text  4878
_parseStmtWhile          text  45F3  _parseString             text  333D
_peekCh                  text  381B  _pnum                    text  95E8
_popExpr                 text  2832  _pputc                   text  95D4
_prErrMsg                text  34AB  _prError                 text  3A86
_prFuncBrace             text  0278  _prMsg                   text  390F
_prMsgAt                 text  3581  _prWarning               text  3AF1
_printf                  text  92EC  _pushS13                 text  280F
_putchar                 text  920B  _reduceNodeRef           text  5942
_releaseNodeFreeList     text  5890  _rindex                  text  894B
_runtop                  top   AFDE  _s13Alloc                text  24AA
_s13FreeList             bss   A75E  _s13ReleaseFreeList      text  247C
_s13SP                   bss   A76D  _s13Stk                  bss   A70E
_s13_9d1b                bss   A760  _s13_9d28                bss   A772
_s2_9cf3                 bss   A736  _sInfoEmitted            bss   A7EB
_s_opt                   bss   A95F  _sbrk                    text  8BFF
_setbuf                  text  8D30  _skipStmt                text  3834
_skipToSemi              text  3888  _skipWs                  text  36AB
_sprintf                 text  8CCA  _srcFile                 bss   A961
_srcFileArg              bss   A95D  _startTokCnt             bss   A7E7
_strChCnt                bss   A831  _strId                   data  9DEC
_strcat                  text  96AD  _strcmp                  text  9671
_strcpy                  text  96C8  _strlen                  text  96DA
_strncmp                 text  968B  _strncpy                 text  96E8
_sub_013d                text  013D  _sub_01c1                text  01C1
_sub_01ec                text  0208  _sub_0273                text  02C0
_sub_02a6                text  02F3  _sub_0353                text  03A0
_sub_042d                text  04D6  _sub_0470                text  0519
_sub_0493                text  053C  _sub_053f                text  062C
_sub_05b5                text  06A2  _sub_05d3                text  06C0
_sub_05f1                text  06DE  _sub_07e3                text  08F1
_sub_07f5                text  08FE  _sub_0817                text  0920
_sub_0a83                text  0C10  _sub_0aed                text  0C7D
_sub_0b93                text  0D26  _sub_0bfc                text  0D93
_sub_10a8                text  12BB  _sub_1340                text  1559
_sub_1441                text  1BCF  _sub_1b4b                text  1E44
_sub_1b94                text  1E8C  _sub_1bf7                text  1EEF
_sub_1ccc                text  1FEE  _sub_1d02                text  2024
_sub_1d5a                text  2078  _sub_1df0                text  2109
_sub_1e37                text  214E  _sub_1e58                text  216E
_sub_1ebd                text  21DC  _sub_1ef1                text  2214
_sub_1f5d                text  2287  _sub_2105                text  242C
_sub_21c7                text  24E9  _sub_225a                text  2579
_sub_23b4                text  26D0  _sub_2529                text  2850
_sub_255d                text  2884  _sub_2569                text  2890
_sub_25f7                text  291A  _sub_3abf                text  3C17
_sub_3adf                text  3C39  _sub_3c7e                text  3E22
_sub_3d24                text  3EEF  _sub_409b                text  4288
_sub_4ca4                text  4EB8  _sub_4ce8                text  4F45
_sub_4d15                text  4F77  _sub_4d67                text  4FCD
_sub_4d92                text  4FFC  _sub_4e90                text  5137
_sub_4eed                text  519C  _sub_516c                text  55DF
_sub_51cf                text  5691  _sub_51e7                text  56BE
_sub_56a4                text  5CAD  _sub_573b                text  5D8F
_sub_578d                text  5E15  _sub_583a                text  5EDA
_sub_58bd                text  5F5D  _sub_591d                text  6091
_sub_5a4a                text  62EA  _sub_5a76                text  632C
_sub_5aa4                text  63B7  _sub_5ad5                text  63EC
_sub_5b08                text  6422  _sub_5b38                text  6455
_sub_5b99                text  64BF  _sub_5be1                text  6532
_sub_5c19                text  65B6  _sub_5c50                text  65F4
_sub_5dd1                text  67B6  _sub_60db                text  6ABE
_sub_6360                text  6DF6  _sub_6531                text  6FF3
_sub_65e2                text  70C1  _sub_69ca                text  7789
_sub_6fab                text  804D  _sub_742a                text  8151
_sub_7454                text  8179  _test_brk                text  98DC
_tmpFile                 data  9FB2  _tmpFp                   bss   A851
_tmpLabelId              bss   A79A  _tmp_1441                text  1695
_tmp_69ca                text  74D0  _tmp_6fab                text  7D65
_tmp_yylex               text  298D  _toupper                 text  8BCA
_ungetCh                 bss   A7E9  _ungetTok                bss   A7E4
_unlink                  text  9A54  _unreachable             bss   A9CD
_w_opt                   bss   A8D3  _word_968c               bss   A76F
_word_9caf               bss   A6CB  _word_a28b               bss   A9C9
_xalloc                  text  3BD0  _yylex                   text  2F11
_yylval                  bss   A82D  adiv                     text  8979
aladd                    text  8C66  aldiv                    text  8A3D
almod                    text  8A64  almul                    text  8B5D
amod                     text  896A  amul                     text  89D2
asal                     text  8C38  asaldiv                  text  8A28
asalmod                  text  8A76  asar                     text  8C74
asll                     text  8C38  aslladd                  text  8BC2
aslldiv                  text  8A5C  asllmod                  text  8A89
aslr                     text  8C47  brelop                   text  9279
cret                     text  8911  csv                      text  8905
indir                    text  8918  ladec                    text  8B3C
lainc                    text  8B23  ldiv                     text  8974
lladd                    text  8C66  lldec                    text  8B3C
lldiv                    text  8A50  llinc                    text  8B23
llmod                    text  8A7E  llmul                    text  8B5D
llrsh                    text  8B49  lmod                     text  896F
lmul                     text  89D2  ncsv                     text  8919
nularg                   data  9CD7  rcsv                     text  892D
shal                     text  8C2B  shar                     text  8C83
shll                     text  8C2B  shlr                     text  8C56
start                    text  0100  startup                  text  929C
wrelop                   text  928D

