Machine type is Z80

mycrtcpm.obj    text            0      13D      data         6847        1
optim1a.obj     text          13D      B10      data         6848      5EA
                bss          7516       18
optim1b.obj     text          C4D      1DE      data         6E32      1A8
optim1c.obj     text          E2B      483      data         6FDA        E
                bss          752E        F
optim1d.obj     text         12AE      5E9      data         6FE8        A
                bss          753D        9
part21a.obj     text         1897      7E6      data         6FF2       17
                bss          7546        B
part21b.obj     text         207D      81A
part21c.obj     text         2897      ABD      bss          7551       1A
part21d.obj     text         3354      8E0      data         7009       79
                bss          756B      102
part31a.obj     text         3C34      242      data         7082       5A
                bss          766D        6
part31b.obj     text         3E76      657      data         70DC       56
                bss          7673       10
part31c.obj     text         44CD      3C2      data         7132       B1
                bss          7683        C
part41a.obj     text         488F      5FD      data         71E3       35
part41b.obj     text         4E8C      777      data         7218       5C
ctype1.obj      data         7274       80
initvar1.obj    bss          768F      3EC
myalloc.obj     text         5603      365
mylibc.obj      text         5968      EDF      data         72F4      222
                bss          7A7B      20A

TOTAL           Name         Link     Load   Length
                (abs)           0        0        0
                text            0        0     6847
                data         6847     6847      CCF
                bss          7516     7516      76F

                                  Symbol Table

_GetByte        text  586C  _GetString      text  57EC
_GetWord        text  58C2  _InitDynM       text  565C
_IsValid        text  594D  _PutByte        text  5842
_PutString      text  5817  _PutWord        text  5896
_ReadMem        text  58ED  _StringLen      text  57C5
_TotalSize      text  564D  _WriteMem       text  591D
__Hbss          bss   7C85  __Hdata         data  7516
__Htext         text  6847  __Lbss          bss   7516
__Ldata         data  6847  __Ltext         text  0000
__argc_         bss   7C7F  __cleanup       text  5B15
__ctype_        data  7345  __doprnt        text  608A
__fcb           data  73C6  __filbuf        text  5CAD
__flsbuf        text  65F5  __getargs       text  601D
__iob           data  72F4  __pnum          text  6367
__sibuf         bss   7A7F  _abs            text  6828
_allocBlankSym  text  54C4  _allocInst      text  0B8D
_allocItem      text  5350  _allocOperand   text  0B8A
_alloc_mem      text  554A  _allocs         bss   7690
_alloct         bss   7692  _atoi           text  631A
_aux            bss   7565  _auxL           bss   755C
_auxLL          bss   7561  _auxR           bss   755D
_auxRR          bss   7568  _auxV           bss   75EE
_aux_2d3b       bss   7564  _base           bss   7C84
_bconv          text  3A4E  _bdos           text  5F86
_bdoshl         text  5E1B  _breakpoint     text  560A
_brk            text  59BB  _calledBy       text  5603
_ccClass        data  7274  _ccSwap         data  6B18
_charsLeft      bss   7702  _chkIXYUsage    text  0E2B
_clr_len_inbuf  text  07A8  _cntOperand     bss   7764
_conditions     data  6848  _const_value    text  0289
_cur_psect      bss   76A0  _def_fcb        text  66B3
_evalExpr       text  37AA  _evalOperand    text  3C3D
_exit           text  5ADE  _exp_err        text  39CA
_expectCond     bss   76F4  _expectOp       bss   75ED
_fclose         text  5D96  _ffile          bss   7C82
_fflush         text  5E31  _fgetc          text  5C31
_fgets          text  5BBA  _find_token     text  09C6
_fpBase         bss   767D  _fprintf        text  64AC
_fputc          text  5FA0  _freeHashtab    text  553D
_freeInst       text  0B6E  _freeInstList   bss   780B
_freeItemList   bss   769E  _freeOperand    text  0B5F
_freeOperandLst bss   7700  _freeSymbol     text  5388
_freopen        text  64CE  _gPi            bss   76A2
_gPs            bss   76FA  _getNxtRealInst text  14AA
_getOperands    text  3E04  _get_line       text  0758
_get_token      text  03C7  _hasChanged     bss   7806
_hash_index     text  53C8  _hashtab        bss   780D
_hlDelta        bss   7762  _inp_buf        bss   76A4
_instrSame      text  15E0  _jmpbuf         bss   7694
_key_f          bss   775B  _key_l          bss   7760
_key_n          bss   7761  _key_r          bss   778C
_key_s          bss   778D  _l1_29c3        bss   7556
_l2             bss   7679  _l2_3053        bss   756F
_l3             bss   767B  _leds           text  561C
_left           bss   7C81  _lo1            bss   7516
_lo2            bss   751C  _lo3            bss   7522
_lo4            bss   7528  _loadFunction   text  3E76
_longjmp        text  6802  _lookupSym      text  540D
_main           text  07AF  _my_alloc_mem   text  55DA
_myalloc        text  5693  _myallocstr     text  56AA
_name_fun       bss   769C  _newLabel       bss   753B
_num_psect      text  3756  _num_token      text  0A8D
_num_warn       bss   7706  _op             bss   7554
_opStack        bss   7575  _oper_err       text  3DEF
_operandsSame   text  14CE  _operators      data  687E
_opt_msg        data  6E32  _optimise       text  0C8F
_optimiseCnters bss   7768  _pTerm          bss   7667
_pi1            bss   7539  _pi_1           bss   7533
_pi_15ad        bss   7541  _pi_2           bss   7535
_pi_3           bss   7537  _plo1           data  6B96
_plo2           data  6B98  _plo3           data  6B9A
_plo4           data  6B9C  _po             bss   7530
_poL            bss   7566  _poLL           bss   755E
_poR            bss   7569  _poRR           bss   7562
_po_122f        bss   753D  _po_1d94        bss   7546
_po_i           bss   7688  _pogL           bss   756B
_pogR           bss   756D  _pop            bss   768A
_posL           bss   7571  _posR           bss   7573
_pputc          text  6353  _pr_error       text  0943
_pr_instruction text  470A  _pr_message     text  0996
_pr_psect       text  3721  _pr_token       text  0AA8
_pr_warning     text  0971  _printf         text  606B
_programBreak   bss   775C  _ps             bss   7685
_psF            bss   7681  _ps_122f        bss   7543
_ps_1b86        bss   754B  _ps_1d94        bss   754D
_ps_i           bss   768C  _psect          bss   768F
_psectNames     data  6B2A  _ptr_inbuf      bss   7704
_ptr_token      text  020F  _reg            bss   7552
_regHiLoMap     data  6B34  _regHiLoValMap  data  6B4E
_regTestMasks   data  7082  _regValues      bss   778E
_regs           data  685A  _rel_err        text  3C34
_removeInstr    text  141F  _removeLabelRef text  1671
_resetHeap      text  54DC  _root           bss   7766
_s_1071         bss   752E  _s_15ad         bss   753F
_sbrk           text  59C3  _seq1           bss   7800
_seq2           bss   7802  _setbuf         text  5B3A
_stackAdjust    bss   7548  _strcmp         text  6472
_strcpy         text  648C  _strlen         text  649E
_strtoi         text  013D  _sub_0ed1       text  0EF9
_sub_1071       text  1106  _sub_122f       text  12AE
_sub_1369       text  13CC  _sub_15ad       text  16E1
_sub_1795       text  1897  _sub_1aec       text  1C39
_sub_1b86       text  1CFC  _sub_1c67       text  1DEF
_sub_1d94       text  1F25  _sub_1ec1       text  207D
_sub_23c1       text  2779  _sub_24c0       text  2897
_sub_29c3       text  2E0A  _sub_2bdb       text  2FE6
_sub_2d3b       text  3182  _sub_2ef8       text  3354
_sub_3053       text  34A5  _sub_4000       text  44CD
_sub_404d       text  451D  _sub_436e       text  488F
_sub_44b2       text  4A40  _sub_4544       text  4AE6
_sub_4601       text  4BA6  _sub_4625       text  4BCB
_sub_4682       text  4C7D  _sub_46b1       text  4CF5
_sub_475c       text  4DAE  _sub_47a2       text  4E25
_sub_47e0       text  4E8C  _sub_77F5       text  668A
_swapHLDE       text  3684  _switchVectors  bss   7809
_symbolId       bss   775E  _syntheticLabel text  0C4D
_tO             bss   766F  _t_15ad         bss   7545
_tableBase      bss   76FC  _termStack      bss   75EF
_tmpOp          bss   7673  _tokType        bss   7758
_toupper        text  5990  _ty             bss   7532
_typ            bss   7560  _typeL          bss   7558
_typeR          bss   7559  _type_2d3b      bss   7551
_uconv          text  39D3  _usesIXorIY     bss   775A
_v              bss   7683  _vF             bss   767F
_valO           bss   766D  _val_1795       bss   754F
_valid          bss   768E  _validL         bss   755A
_validR         bss   755B  _valid_1b86     bss   754A
_valid_i        bss   7687  _valid_po       bss   753C
_word_6fee      bss   76F8  _word_6ffc      bss   76F6
_yyline         bss   7708  _yylval         bss   7807
_yytext         bss   76FE  _yytype         bss   7804
adiv            text  5A1A  amod            text  5A0B
amul            text  5AA0  asadiv          text  5A82
asal            text  59FC  asamod          text  5A73
asamul          text  5A91  asar            text  5ABF
asll            text  59FC  brelop          text  5FF8
cret            text  5974  csv             text  5968
indir           text  597B  ldiv            text  5A15
lldiv           text  640A  llmod           text  63FF
lmod            text  5A10  lmul            text  5AA0
ncsv            text  597C  nularg          data  6847
shal            text  59EF  shar            text  5ACE
shll            text  59EF  shlr            text  6837
start           text  0100  startup         text  601B
wrelop          text  600C

