Machine type is Z80

mycrtcpm.obj    text            0      13D      data         6556        1
optim1a.obj     text          13D      A28      data         6557      5EA
                top          79A3      173      bss          7234       18
optim1b.obj     text          B65      1DE      data         6B41      1A8
optim1c.obj     text          D43      483      data         6CE9        E
                bss          724C        F
optim1d.obj     text         11C6      5E9      data         6CF7        A
                bss          725B        9
part21a.obj     text         17AF      7E6      data         6D01       17
                bss          7264        B
part21b.obj     text         1F95      81A
part21c.obj     text         27AF      ABD      bss          726F       1A
part21d.obj     text         326C      8E0      data         6D18       79
                bss          7289      102
part31a.obj     text         3B4C      242      data         6D91       5A
                bss          738B        6
part31b.obj     text         3D8E      657      data         6DEB       56
                bss          7391       10
part31c.obj     text         43E5      3C2      data         6E41       B1
                bss          73A1        C
part41a.obj     text         47A7      5FD      data         6EF2       35
part41b.obj     text         4DA4      777      data         6F27       6B
ctype1.obj      data         6F92       80
initvar1.obj    bss          73AD      3EC
myalloc.obj     text         551B      15C      top          7B16      12C
mylibc.obj      text         5677      EDF      data         7012      222
                bss          7799      20A

TOTAL           Name         Link     Load   Length
                (abs)           0        0        0
                text            0        0     6556
                data         6556     6556      CDE
                top          79A3     79A3      29F
                bss          7234     7234      76F

                                  Symbol Table

_GetByte        text  560C  _GetWord        text  5628
_InitDynM       top   7B16  _IsValid        text  565C
_PutByte        text  55FF  _PutWord        text  5619
_ReadMem        text  5636  _TotalSize      text  5549
_WriteMem       text  5649  __Hbss          bss   79A3
__Hdata         data  7234  __Htext         text  6556
__Htop          top   7C42  __Lbss          bss   7234
__Ldata         data  6556  __Ltext         text  0000
__Ltop          top   79A3  __argc_         bss   799D
__cleanup       text  5824  __ctype_        data  7063
__doprnt        text  5D99  __fcb           data  70E4
__filbuf        text  59BC  __flsbuf        text  6304
__getargs       text  5D2C  __iob           data  7012
__pnum          text  6076  __sibuf         bss   779D
_abs            text  6537  _allocBlankSym  text  53DC
_allocInst      text  0AA2  _allocItem      text  5268
_allocOperand   text  0A9F  _alloc_mem      text  5462
_allocs         bss   73AE  _alloct         bss   73B0
_atoi           text  6029  _aux            bss   7283
_auxL           bss   727A  _auxLL          bss   727F
_auxR           bss   727B  _auxRR          bss   7286
_auxV           bss   730C  _aux_2d3b       bss   7282
_base           bss   79A2  _bconv          text  3966
_bdos           text  5C95  _bdoshl         text  5B2A
_breakpoint     text  5522  _brk            text  56CA
_calledBy       text  551B  _ccClass        data  6F92
_ccSwap         data  6827  _charsLeft      bss   7420
_chkIXYUsage    text  0D43  _clr_len_inbuf  text  07EE
_cntOperand     bss   7482  _conditions     data  6557
_const_value    text  0295  _cur_psect      bss   73BE
_def_fcb        text  63C2  _evalExpr       text  36C2
_evalOperand    text  3B55  _exit           text  57ED
_exp_err        text  38E2  _expectCond     bss   7412
_expectOp       bss   730B  _fclose         text  5AA5
_ffile          bss   79A0  _fflush         text  5B40
_fgetc          text  5940  _fgets          text  58C9
_find_token     text  08C4  _fpBase         bss   739B
_fprintf        text  61BB  _fputc          text  5CAF
_freeHashtab    text  5455  _freeInst       text  0A83
_freeInstList   bss   7529  _freeItemList   bss   73BC
_freeOperand    text  0A6A  _freeOperandLst bss   741E
_freeSymbol     text  52A0  _freopen        text  61DD
_gPi            bss   73C0  _gPs            bss   7418
_getNxtRealInst text  13C2  _getOperands    text  3D1C
_get_line       text  079B  _get_token      text  03E8
_hasChanged     bss   7524  _hash_index     text  52E0
_hashtab        bss   752B  _hlDelta        bss   7480
_inp_buf        bss   73C2  _instrSame      text  14F8
_jmpbuf         bss   73B2  _key_f          bss   7479
_key_l          bss   747E  _key_n          bss   747F
_key_r          bss   74AA  _key_s          bss   74AB
_l1_29c3        bss   7274  _l2             bss   7397
_l2_3053        bss   728D  _l3             bss   7399
_leds           text  5535  _left           bss   799F
_lo1            bss   7234  _lo2            bss   723A
_lo3            bss   7240  _lo4            bss   7246
_loadFunction   text  3D8E  _longjmp        text  6511
_lookupSym      text  5325  _main           text  07F5
_my_alloc_mem   text  54F2  _myalloc        text  55A2
_myfree         text  55A5  _name_fun       bss   73BA
_newLabel       bss   7259  _num_psect      text  366E
_num_token      text  098D  _num_warn       bss   7424
_op             bss   7272  _opStack        bss   7293
_oper_err       text  3D07  _operandsSame   text  13E6
_operators      data  658D  _opt_msg        data  6B41
_optimise       text  0BA7  _optimiseCnters bss   7486
_pTerm          bss   7385  _pi1            bss   7257
_pi_1           bss   7251  _pi_15ad        bss   725F
_pi_2           bss   7253  _pi_3           bss   7255
_plo1           data  68A5  _plo2           data  68A7
_plo3           data  68A9  _plo4           data  68AB
_po             bss   724E  _poL            bss   7284
_poLL           bss   727C  _poR            bss   7287
_poRR           bss   7280  _po_122f        bss   725B
_po_1d94        bss   7264  _po_i           bss   73A6
_pogL           bss   7289  _pogR           bss   728B
_pop            bss   73A8  _posL           bss   728F
_posR           bss   7291  _pputc          text  6062
_pr_error       text  0841  _pr_instruction text  4622
_pr_message     text  0894  _pr_psect       text  3639
_pr_token       text  09A8  _pr_warning     text  086F
_printf         text  5D7A  _programBreak   bss   747A
_ps             bss   73A3  _psF            bss   739F
_ps_122f        bss   7261  _ps_1b86        bss   7269
_ps_1d94        bss   726B  _ps_i           bss   73AA
_psect          bss   73AD  _psectNames     data  6839
_ptr_inbuf      bss   7422  _ptr_token      text  0214
_reg            bss   7270  _regHiLoMap     data  6843
_regHiLoValMap  data  685D  _regTestMasks   data  6D91
_regValues      bss   74AC  _regs           data  6569
_rel_err        text  3B4C  _removeInstr    text  1337
_removeLabelRef text  1589  _resetHeap      text  53F4
_root           bss   7484  _s_1071         bss   724C
_s_15ad         bss   725D  _sbrk           text  56D2
_seq1           bss   751E  _seq2           bss   7520
_setbuf         text  5849  _stackAdjust    bss   7266
_strcmp         text  6181  _strcpy         text  619B
_strlen         text  61AD  _strtoi         text  013D
_sub_0ed1       text  0E11  _sub_1071       text  101E
_sub_122f       text  11C6  _sub_1369       text  12E4
_sub_15ad       text  15F9  _sub_1795       text  17AF
_sub_1aec       text  1B51  _sub_1b86       text  1C14
_sub_1c67       text  1D07  _sub_1d94       text  1E3D
_sub_1ec1       text  1F95  _sub_23c1       text  2691
_sub_24c0       text  27AF  _sub_29c3       text  2D22
_sub_2bdb       text  2EFE  _sub_2d3b       text  309A
_sub_2ef8       text  326C  _sub_3053       text  33BD
_sub_4000       text  43E5  _sub_404d       text  4435
_sub_436e       text  47A7  _sub_44b2       text  4958
_sub_4544       text  49FE  _sub_4601       text  4ABE
_sub_4625       text  4AE3  _sub_4682       text  4B95
_sub_46b1       text  4C0D  _sub_475c       text  4CC6
_sub_47a2       text  4D3D  _sub_47e0       text  4DA4
_sub_77F5       text  6399  _swapHLDE       text  359C
_switchVectors  bss   7527  _symbolId       bss   747C
_syntheticLabel text  0B65  _tO             bss   738D
_t_15ad         bss   7263  _tableBase      bss   741A
_termStack      bss   730D  _tmpOp          bss   7391
_tokType        bss   7476  _topmain        top   79A3
_toupper        text  569F  _ty             bss   7250
_typ            bss   727E  _typeL          bss   7276
_typeR          bss   7277  _type_2d3b      bss   726F
_uconv          text  38EB  _usesIXorIY     bss   7478
_v              bss   73A1  _vF             bss   739D
_valO           bss   738B  _val_1795       bss   726D
_valid          bss   73AC  _validL         bss   7278
_validR         bss   7279  _valid_1b86     bss   7268
_valid_i        bss   73A5  _valid_po       bss   725A
_word_6fee      bss   7416  _word_6ffc      bss   7414
_yyline         bss   7426  _yylval         bss   7525
_yytext         bss   741C  _yytype         bss   7522
adiv            text  5729  amod            text  571A
amul            text  57AF  asadiv          text  5791
asal            text  570B  asamod          text  5782
asamul          text  57A0  asar            text  57CE
asll            text  570B  brelop          text  5D07
cret            text  5683  csv             text  5677
indir           text  568A  ldiv            text  5724
lldiv           text  6119  llmod           text  610E
lmod            text  571F  lmul            text  57AF
ncsv            text  568B  nularg          data  6556
shal            text  56FE  shar            text  57DD
shll            text  56FE  shlr            text  6546
start           text  0100  startup         text  5D2A
wrelop          text  5D1B

