Machine type is Z80

zcrtcpm.obj     text            0      13D	data         7E51        1
data.obj        data         7E52     1980	bss          ABA7      245
lex1.obj        text          13D       59	data         97D2      8E5
lex2.obj        text          196      64F	data         A0B7      18F
		bss          ADEC       3C
code.obj        text          7E5      FAC	data         A246      326
		bss          AE28        5
sym1.obj        text         1791      75C	data         A56C       68
sym2.obj        text         1EED      8E8	data         A5D4      23D
		bss          AE2D        B
sym3.obj        text         27D5      383
cgen1.obj       text         2B58      138	data         A811       1F
cgen2.obj       text         2C90      7FF	data         A830       2C
cgen3.obj       text         348F      824	data         A85C       1C
tree1.obj       text         3CB3      3A2	data         A878       5A
tree2.obj       text         4055      24D	data         A8D2       11
tree3.obj       text         42A2     1063	data         A8E3       50
local1.obj      text         5305      82A	data         A933       48
local2.obj      text         5B2F      BCB	data         A97B       13
main.obj        text         66FA      2CA	data         A98E       91
malloc.obj      text         69C4      32F	bss          AE38        2
getchar.obj     text         6CF3       1D
libc1.obj       text         6D10      C44	data         AA1F       11
		bss          AE3A      20E
libc2.obj       text         7954      201
libc3.obj       text         7B55      13F
libc4.obj       text         7C94       1F
libc5.obj       text         7CB3      19E	bss          B048        2
setup.obj       data         AA30       F5
ctype.obj       data         AB25       81
nularg.obj      data         ABA6        1

TOTAL		Name         Link     Load   Length
		(abs)           0        0        0
		text            0        0     7E51
		data         7E51     7E51     2D56
		bss          ABA7     ABA7      4A3

                                  Symbol Table

__Ltext              text  0000  start                text  0100
_sub_13D             text  013D  _sub_1B2             text  0196
_gethashptr          text  0203  _sub_265             text  0249
_getToken            text  02E7  _leaveBlock          text  03D7
_sub_627             text  0609  _badIntCode          text  06A9
_parseStmt           text  06B2  _expect              text  074D
_parseData           text  0771  _sub_808             text  07E5
_parseInit           text  0AE5  _prFrameHead         text  0B61
_prFrameTail         text  0B97  _sub_BEE             text  0BB9
_prGlobalDef         text  0C01  _sub_C57             text  0C22
_sub_CAB             text  0C76  _prDefb0s            text  0CAA
_prPsect             text  0D02  _sortCaseLabels      text  0D31
_parseSwitch         text  0E0D  _sub_1420            text  13DE
_prPush              text  13FD  _prPop               text  1443
_prIXnPush           text  1489  _sub_14F3            text  14A9
_sub_153A            text  14EE  _prDefb              text  1511
_prJmpLabel          text  1587  _prJump              text  159B
_sub_15FB            text  15AF  _max                 text  160D
_sub_1680            text  1634  _newLocal            text  1700
_sub_1754            text  1708  _parseVariable       text  1791
_parseMembers        text  196E  _parseEnum           text  1AB6
_sub_1C6D            text  1C16  _varSize             text  1C37
_sub_1CC4            text  1C6D  _sub_1CEF            text  1C95
_sub_1EDF            text  1E81  _sub_1F4B            text  1EED
_sub_283E            text  27D5  _sub_2B2A            text  2AB9
_sub_2B79            text  2B01  _sub_2BD0            text  2B58
_sub_2C5E            text  2BE5  _sub_2CE0            text  2C67
_sub_2D09            text  2C90  _sub_3564            text  348F
_sub_35E6            text  350B  _freeNode            text  35F5
_allocNode           text  3627  _releaseNodeFreeList text  365E
_sub_377A            text  3688  _sub_37ED            text  36F1
_sub_385B            text  3768  _sub_387A            text  3787
_sub_38CA            text  37D2  _sub_393C            text  383E
_sub_3952            text  3852  _sub_3968            text  3866
_nodesize            text  388B  _sub_39CA            text  38C2
_sub_3A79            text  396E  _sub_3B65            text  3A5A
_sub_3BC6            text  3ABB  _sub_3CDF            text  3BD3
_sub_3DC9            text  3CB3  _sub_3EAA            text  3D93
_sub_415E            text  4024  _parseExpr           text  4055
_sub_43EF            text  42A2  _sub_46F7            text  45A3
_sub_475C            text  4606  _sub_47B2            text  4655
_sub_4B89            text  4A1B  _sub_4BE5            text  4A71
_sub_4C12            text  4A98  _sub_4C6D            text  4AED
_sub_4C8B            text  4B0B  _sub_4DA3            text  4C17
_sub_4E8D            text  4CFB  _sub_4FA8            text  4E11
_sub_4FCE            text  4E37  _sub_508A            text  4EF0
_sub_53EE            text  5246  _sub_54B6            text  5305
_sub_5CF5            text  5B2F  _sub_5DF6            text  5C29
_sub_5F52            text  5D80  _sub_600E            text  5E38
_invertTest          text  5E87  _sub_60A8            text  5ED1
_sub_61AA            text  5FC9  _sub_6246            text  6057
_sub_628F            text  6099  _sub_62BE            text  60C2
_sub_63B8            text  61B3  _sub_6589            text  6384
_sub_665B            text  644E  _sub_66BC            text  64AC
_main                text  66FA  _fatalErr            text  688E
_prWarning           text  68C1  _prError             text  6914
_prMsg               text  6951  _allocMem            text  698F
_malloc              text  6B4A  _free                text  6C8E
_fgetchar            text  6CF3  _fputchar            text  6CFC
_fprintf             text  6D10  _freopen             text  6D32
_printf              text  6E59  _getchar             text  6E78
_putchar             text  6E81  _toupper             text  6E97
_def_fcb             text  6EC4  _sprintf             text  7013
_pputc               text  7054  __pnum               text  7068
__doprnt             text  70F1  _fputc               text  736E
__flsbuf             text  73C5  _fgetc               text  745A
__filbuf             text  74D6  _sub_77F5            text  75BF
_exit                text  75E8  _fclose              text  761F
_bdoshl              text  76A4  _fflush              text  76BA
_bdos                text  780F  startup              text  7829
__getargs            text  782B  asallsh              text  7879
aslllsh              text  7879  allsh                text  788B
lllsh                text  788B  asalrsh              text  789C
asar                 text  78AE  asaladd              text  78BD
aslladd              text  78BD  asaland              text  78C6
aslland              text  78C6  asal                 text  78CF
asll                 text  78CF  asllrsh              text  78DE
asalmul              text  78F0  asllmul              text  78F0
asalor               text  78F9  asllor               text  78F9
asalsub              text  7902  asllsub              text  7902
asalxor              text  790B  asllxor              text  790B
_atoi                text  791B  _atol                text  7954
_blkclr              text  7A00  iregset              text  7A10
iregstore            text  7A2A  aladd                text  7A36
lladd                text  7A36  aland                text  7A44
lland                text  7A44  llrsh                text  7A59
alor                 text  7A6D  llor                 text  7A6D
arelop               text  7A82  lrelop               text  7A82
brelop               text  7AA5  wrelop               text  7AB9
alsub                text  7AC8  llsub                text  7AC8
alxor                text  7AD8  llxor                text  7AD8
amod                 text  7AED  lmod                 text  7AF2
ldiv                 text  7AF7  adiv                 text  7AFC
asaldiv              text  7B8C  aldiv                text  7BA1
lldiv                text  7BB4  aslldiv              text  7BC0
almod                text  7BC8  asalmod              text  7BDA
llmod                text  7BE2  asllmod              text  7BED
aslr                 text  7C75  _bmove               text  7C84
_movmem              text  7C84  amul                 text  7C94
lmul                 text  7C94  alrsh                text  7CB3
almul                text  7CC7  llmul                text  7CC7
_brk                 text  7D06  _sbrk                text  7D0E
_checksp             text  7D3A  shar                 text  7D49
shal                 text  7D59  shll                 text  7D59
shlr                 text  7D66  _strcat              text  7D76
_strcmp              text  7D91  _strcpy              text  7DAB
_strlen              text  7DBD  _strncpy             text  7DCB
csv                  text  7DE0  popBCpopBCcret       text  7DEC
popBCcret            text  7DED  popHLcret            text  7DF0
ldHL0cret            text  7DF3  ldHL1cret            text  7DF8
ldHLFFFFcret         text  7DFD  cret                 text  7E02
ldL0cret             text  7E09  ldL1cret             text  7E0D
ldLIXm2ldHIXm1cret   text  7E11  ldLIXm2cret          text  7E14
pushIYpopHLcret      text  7E19  indir                text  7E1E
ncsv                 text  7E1F  rcsv                 text  7E33
__Htext              text  7E51  __Ldata              data  7E51
_otherFrag           data  7E52  _codeFrag            data  7EE2
_stab0               data  88CE  _stab1               data  8BC5
_stab2               data  8EBD  _stab3               data  91A6
_stab4               data  94A2  _dopetab             data  9670
_regNames            data  9700  _array_AAE8          data  971E
_array_AB24          data  975A  _array_AB54          data  978A
__iob                data  AA30  __fcb                data  AA58
__ctype_             data  AB25  nularg               data  ABA6
__Hdata              data  ABA7  __Lbss               bss   ABA7
_array_AE57          bss   ABA7  _warningMsg          bss   ABE7
_lineno              bss   ABE9  _array_AE97          bss   ABEB
_pflag               bss   AC2B  _typeB               bss   AC2C
_progname            bss   AC2E  _wflag               bss   AC56
_typeX               bss   AC57  _eflag               bss   AC59
_typeVar             bss   AC5A  _array_AEDB          bss   AC5C
_typeChar            bss   AC9C  _rflag               bss   AC9E
_errcnt              bss   AC9F  _array_AFFD          bss   ACA1
_typeLong            bss   ACC9  _nodeFreeList        bss   ACCB
_nstdpth             bss   ACCD  _byte_B013           bss   ACCF
_baseHeap            bss   ACD0  _word_B017           bss   ACD2
_byte_B014           bss   ACD4  _typeDouble          bss   ACD5
_word_AFF8           bss   ACD7  _hflag               bss   ACD9
_array_AE13          bss   ACDA  _bflag               bss   AD1A
_word_AFFB           bss   AD1B  _byte_AFFA           bss   AD1D
_hashtab             bss   AD1E  _lvlidx              bss   ADE8
_typeUChar           bss   ADEA  _left                bss   AE42
_ffile               bss   AE43  _base                bss   AE45
__sibuf              bss   AE46  __argc_              bss   B046
__Hbss               bss   B04A  
