x=0001 sin(x)=0001 cos(x)=0100 sin(x)^2 + cos(x)^2 = 0100
x=0002 sin(x)=0002 cos(x)=0100 sin(x)^2 + cos(x)^2 = 0100
x=0003 sin(x)=0003 cos(x)=0100 sin(x)^2 + cos(x)^2 = 0100
x=0004 sin(x)=0004 cos(x)=0100 sin(x)^2 + cos(x)^2 = 0100
x=0005 sin(x)=0005 cos(x)=0100 sin(x)^2 + cos(x)^2 = 0100
x=0006 sin(x)=0006 cos(x)=0100 sin(x)^2 + cos(x)^2 = 0100
x=0007 sin(x)=0007 cos(x)=0100 sin(x)^2 + cos(x)^2 = 0100
x=0008 sin(x)=0008 cos(x)=0100 sin(x)^2 + cos(x)^2 = 0100
x=0009 sin(x)=0009 cos(x)=0100 sin(x)^2 + cos(x)^2 = 0100
x=000A sin(x)=000A cos(x)=0100 sin(x)^2 + cos(x)^2 = 0100
x=000B sin(x)=000B cos(x)=0100 sin(x)^2 + cos(x)^2 = 0100
x=000C sin(x)=000C cos(x)=0100 sin(x)^2 + cos(x)^2 = 0100
x=000D sin(x)=000D cos(x)=0100 sin(x)^2 + cos(x)^2 = 0100
x=000E sin(x)=000E cos(x)=0100 sin(x)^2 + cos(x)^2 = 0100
x=000F sin(x)=000F cos(x)=0100 sin(x)^2 + cos(x)^2 = 0100
x=0010 sin(x)=0010 cos(x)=0100 sin(x)^2 + cos(x)^2 = 0101
x=0011 sin(x)=0011 cos(x)=0100 sin(x)^2 + cos(x)^2 = 0101
x=0012 sin(x)=0012 cos(x)=0100 sin(x)^2 + cos(x)^2 = 0101
x=0013 sin(x)=0013 cos(x)=0100 sin(x)^2 + cos(x)^2 = 0101
x=0014 sin(x)=0014 cos(x)=0100 sin(x)^2 + cos(x)^2 = 0101
x=0015 sin(x)=0015 cos(x)=0100 sin(x)^2 + cos(x)^2 = 0101
x=0016 sin(x)=0016 cos(x)=0100 sin(x)^2 + cos(x)^2 = 0101
x=0017 sin(x)=0017 cos(x)=00FF sin(x)^2 + cos(x)^2 = 0100
x=0018 sin(x)=0018 cos(x)=00FF sin(x)^2 + cos(x)^2 = 0100
x=0019 sin(x)=0019 cos(x)=00FF sin(x)^2 + cos(x)^2 = 0100
x=001A sin(x)=001A cos(x)=00FF sin(x)^2 + cos(x)^2 = 0100
x=001B sin(x)=001B cos(x)=00FF sin(x)^2 + cos(x)^2 = 0100
x=001C sin(x)=001C cos(x)=00FF sin(x)^2 + cos(x)^2 = 0101
x=001D sin(x)=001D cos(x)=00FF sin(x)^2 + cos(x)^2 = 0101
x=001E sin(x)=001E cos(x)=00FF sin(x)^2 + cos(x)^2 = 0101
x=001F sin(x)=001F cos(x)=00FF sin(x)^2 + cos(x)^2 = 0101
x=0020 sin(x)=001F cos(x)=00FE sin(x)^2 + cos(x)^2 = 00FF
x=0021 sin(x)=0020 cos(x)=00FE sin(x)^2 + cos(x)^2 = 0100
x=0022 sin(x)=0021 cos(x)=00FE sin(x)^2 + cos(x)^2 = 0100
x=0023 sin(x)=0022 cos(x)=00FE sin(x)^2 + cos(x)^2 = 0100
x=0024 sin(x)=0023 cos(x)=00FE sin(x)^2 + cos(x)^2 = 0100
x=0025 sin(x)=0024 cos(x)=00FE sin(x)^2 + cos(x)^2 = 0101
x=0026 sin(x)=0025 cos(x)=00FE sin(x)^2 + cos(x)^2 = 0101
x=0027 sin(x)=0026 cos(x)=00FE sin(x)^2 + cos(x)^2 = 0101
x=0028 sin(x)=0027 cos(x)=00FD sin(x)^2 + cos(x)^2 = 00FF
x=0029 sin(x)=0028 cos(x)=00FD sin(x)^2 + cos(x)^2 = 0100
x=002A sin(x)=0029 cos(x)=00FD sin(x)^2 + cos(x)^2 = 0100
x=002B sin(x)=002A cos(x)=00FD sin(x)^2 + cos(x)^2 = 0100
x=002C sin(x)=002B cos(x)=00FD sin(x)^2 + cos(x)^2 = 0101
x=002D sin(x)=002C cos(x)=00FD sin(x)^2 + cos(x)^2 = 0101
x=002E sin(x)=002D cos(x)=00FC sin(x)^2 + cos(x)^2 = 00FF
x=002F sin(x)=002E cos(x)=00FC sin(x)^2 + cos(x)^2 = 0100
x=0030 sin(x)=002F cos(x)=00FC sin(x)^2 + cos(x)^2 = 0100
x=0031 sin(x)=0030 cos(x)=00FC sin(x)^2 + cos(x)^2 = 0101
x=0032 sin(x)=0031 cos(x)=00FC sin(x)^2 + cos(x)^2 = 0101
x=0033 sin(x)=0032 cos(x)=00FB sin(x)^2 + cos(x)^2 = 00FF
x=0034 sin(x)=0033 cos(x)=00FB sin(x)^2 + cos(x)^2 = 0100
x=0035 sin(x)=0034 cos(x)=00FB sin(x)^2 + cos(x)^2 = 0100
x=0036 sin(x)=0035 cos(x)=00FB sin(x)^2 + cos(x)^2 = 0100
x=0037 sin(x)=0036 cos(x)=00FB sin(x)^2 + cos(x)^2 = 0101
x=0038 sin(x)=0037 cos(x)=00FA sin(x)^2 + cos(x)^2 = 00FF
x=0039 sin(x)=0038 cos(x)=00FA sin(x)^2 + cos(x)^2 = 0100
x=003A sin(x)=0039 cos(x)=00FA sin(x)^2 + cos(x)^2 = 0100
x=003B sin(x)=003A cos(x)=00FA sin(x)^2 + cos(x)^2 = 0101
x=003C sin(x)=003B cos(x)=00F9 sin(x)^2 + cos(x)^2 = 00FF
x=003D sin(x)=003C cos(x)=00F9 sin(x)^2 + cos(x)^2 = 0100
x=003E sin(x)=003D cos(x)=00F9 sin(x)^2 + cos(x)^2 = 0100
x=003F sin(x)=003E cos(x)=00F9 sin(x)^2 + cos(x)^2 = 0101
x=0040 sin(x)=003F cos(x)=00F8 sin(x)^2 + cos(x)^2 = 00FF
x=0041 sin(x)=0040 cos(x)=00F8 sin(x)^2 + cos(x)^2 = 0100
x=0042 sin(x)=0041 cos(x)=00F8 sin(x)^2 + cos(x)^2 = 0100
x=0043 sin(x)=0042 cos(x)=00F8 sin(x)^2 + cos(x)^2 = 0101
x=0044 sin(x)=0043 cos(x)=00F7 sin(x)^2 + cos(x)^2 = 00FF
x=0045 sin(x)=0044 cos(x)=00F7 sin(x)^2 + cos(x)^2 = 0100
x=0046 sin(x)=0045 cos(x)=00F7 sin(x)^2 + cos(x)^2 = 0100
x=0047 sin(x)=0046 cos(x)=00F7 sin(x)^2 + cos(x)^2 = 0101
x=0048 sin(x)=0047 cos(x)=00F6 sin(x)^2 + cos(x)^2 = 00FF
x=0049 sin(x)=0048 cos(x)=00F6 sin(x)^2 + cos(x)^2 = 0100
x=004A sin(x)=0049 cos(x)=00F6 sin(x)^2 + cos(x)^2 = 0100
x=004B sin(x)=004A cos(x)=00F6 sin(x)^2 + cos(x)^2 = 0101
x=004C sin(x)=004B cos(x)=00F5 sin(x)^2 + cos(x)^2 = 00FF
x=004D sin(x)=004C cos(x)=00F5 sin(x)^2 + cos(x)^2 = 0100
x=004E sin(x)=004D cos(x)=00F5 sin(x)^2 + cos(x)^2 = 0101
x=004F sin(x)=004E cos(x)=00F4 sin(x)^2 + cos(x)^2 = 00FF
x=0050 sin(x)=004E cos(x)=00F4 sin(x)^2 + cos(x)^2 = 00FF
x=0051 sin(x)=004F cos(x)=00F4 sin(x)^2 + cos(x)^2 = 0100
x=0052 sin(x)=0050 cos(x)=00F3 sin(x)^2 + cos(x)^2 = 00FF
x=0053 sin(x)=0051 cos(x)=00F3 sin(x)^2 + cos(x)^2 = 00FF
x=0054 sin(x)=0052 cos(x)=00F3 sin(x)^2 + cos(x)^2 = 0100
x=0055 sin(x)=0053 cos(x)=00F2 sin(x)^2 + cos(x)^2 = 00FE
x=0056 sin(x)=0054 cos(x)=00F2 sin(x)^2 + cos(x)^2 = 00FF
x=0057 sin(x)=0055 cos(x)=00F2 sin(x)^2 + cos(x)^2 = 0100
x=0058 sin(x)=0056 cos(x)=00F1 sin(x)^2 + cos(x)^2 = 00FE
x=0059 sin(x)=0057 cos(x)=00F1 sin(x)^2 + cos(x)^2 = 00FF
x=005A sin(x)=0058 cos(x)=00F1 sin(x)^2 + cos(x)^2 = 0100
x=005B sin(x)=0059 cos(x)=00F0 sin(x)^2 + cos(x)^2 = 00FF
x=005C sin(x)=005A cos(x)=00F0 sin(x)^2 + cos(x)^2 = 0100
x=005D sin(x)=005B cos(x)=00F0 sin(x)^2 + cos(x)^2 = 0101
x=005E sin(x)=005C cos(x)=00EF sin(x)^2 + cos(x)^2 = 0100
x=005F sin(x)=005D cos(x)=00EF sin(x)^2 + cos(x)^2 = 0100
x=0060 sin(x)=005D cos(x)=00EE sin(x)^2 + cos(x)^2 = 00FE
x=0061 sin(x)=005E cos(x)=00EE sin(x)^2 + cos(x)^2 = 00FF
x=0062 sin(x)=005F cos(x)=00EE sin(x)^2 + cos(x)^2 = 0100
x=0063 sin(x)=0060 cos(x)=00ED sin(x)^2 + cos(x)^2 = 00FF
x=0064 sin(x)=0061 cos(x)=00ED sin(x)^2 + cos(x)^2 = 00FF
x=0065 sin(x)=0062 cos(x)=00ED sin(x)^2 + cos(x)^2 = 0100
x=0066 sin(x)=0063 cos(x)=00EC sin(x)^2 + cos(x)^2 = 00FF
x=0067 sin(x)=0064 cos(x)=00EC sin(x)^2 + cos(x)^2 = 0100
x=0068 sin(x)=0065 cos(x)=00EB sin(x)^2 + cos(x)^2 = 00FE
x=0069 sin(x)=0066 cos(x)=00EB sin(x)^2 + cos(x)^2 = 00FF
x=006A sin(x)=0067 cos(x)=00EB sin(x)^2 + cos(x)^2 = 0100
x=006B sin(x)=0068 cos(x)=00EA sin(x)^2 + cos(x)^2 = 00FF
x=006C sin(x)=0069 cos(x)=00EA sin(x)^2 + cos(x)^2 = 0100
x=006D sin(x)=006A cos(x)=00E9 sin(x)^2 + cos(x)^2 = 00FF
x=006E sin(x)=006A cos(x)=00E9 sin(x)^2 + cos(x)^2 = 00FF
x=006F sin(x)=006B cos(x)=00E8 sin(x)^2 + cos(x)^2 = 00FE
x=0070 sin(x)=006C cos(x)=00E8 sin(x)^2 + cos(x)^2 = 00FF
x=0071 sin(x)=006D cos(x)=00E8 sin(x)^2 + cos(x)^2 = 0100
x=0072 sin(x)=006E cos(x)=00E7 sin(x)^2 + cos(x)^2 = 00FF
x=0073 sin(x)=006F cos(x)=00E7 sin(x)^2 + cos(x)^2 = 0100
x=0074 sin(x)=006F cos(x)=00E6 sin(x)^2 + cos(x)^2 = 00FE
x=0075 sin(x)=0070 cos(x)=00E6 sin(x)^2 + cos(x)^2 = 00FF
x=0076 sin(x)=0071 cos(x)=00E5 sin(x)^2 + cos(x)^2 = 00FD
x=0077 sin(x)=0072 cos(x)=00E5 sin(x)^2 + cos(x)^2 = 00FE
x=0078 sin(x)=0073 cos(x)=00E4 sin(x)^2 + cos(x)^2 = 00FE
x=0079 sin(x)=0074 cos(x)=00E4 sin(x)^2 + cos(x)^2 = 00FF
x=007A sin(x)=0075 cos(x)=00E3 sin(x)^2 + cos(x)^2 = 00FE
x=007B sin(x)=0076 cos(x)=00E3 sin(x)^2 + cos(x)^2 = 00FF
x=007C sin(x)=0077 cos(x)=00E2 sin(x)^2 + cos(x)^2 = 00FE
x=007D sin(x)=0078 cos(x)=00E2 sin(x)^2 + cos(x)^2 = 00FF
x=007E sin(x)=0079 cos(x)=00E1 sin(x)^2 + cos(x)^2 = 00FE
x=007F sin(x)=007A cos(x)=00E1 sin(x)^2 + cos(x)^2 = 00FF
x=0080 sin(x)=007A cos(x)=00E0 sin(x)^2 + cos(x)^2 = 00FE
x=0081 sin(x)=007B cos(x)=00E0 sin(x)^2 + cos(x)^2 = 00FF
x=0082 sin(x)=007C cos(x)=00DF sin(x)^2 + cos(x)^2 = 00FE
x=0083 sin(x)=007D cos(x)=00DF sin(x)^2 + cos(x)^2 = 00FF
x=0084 sin(x)=007E cos(x)=00DE sin(x)^2 + cos(x)^2 = 00FE
x=0085 sin(x)=007F cos(x)=00DE sin(x)^2 + cos(x)^2 = 00FF
x=0086 sin(x)=0080 cos(x)=00DD sin(x)^2 + cos(x)^2 = 00FE
x=0087 sin(x)=0081 cos(x)=00DD sin(x)^2 + cos(x)^2 = 00FF
x=0088 sin(x)=0081 cos(x)=00DC sin(x)^2 + cos(x)^2 = 00FE
x=0089 sin(x)=0082 cos(x)=00DC sin(x)^2 + cos(x)^2 = 00FF
x=008A sin(x)=0083 cos(x)=00DB sin(x)^2 + cos(x)^2 = 00FE
x=008B sin(x)=0084 cos(x)=00DB sin(x)^2 + cos(x)^2 = 00FF
x=008C sin(x)=0084 cos(x)=00DA sin(x)^2 + cos(x)^2 = 00FD
x=008D sin(x)=0085 cos(x)=00DA sin(x)^2 + cos(x)^2 = 00FE
x=008E sin(x)=0086 cos(x)=00D9 sin(x)^2 + cos(x)^2 = 00FD
x=008F sin(x)=0087 cos(x)=00D9 sin(x)^2 + cos(x)^2 = 00FE
x=0090 sin(x)=0088 cos(x)=00D8 sin(x)^2 + cos(x)^2 = 00FE
x=0091 sin(x)=0089 cos(x)=00D7 sin(x)^2 + cos(x)^2 = 00FD
x=0092 sin(x)=008A cos(x)=00D7 sin(x)^2 + cos(x)^2 = 00FE
x=0093 sin(x)=008B cos(x)=00D6 sin(x)^2 + cos(x)^2 = 00FD
x=0094 sin(x)=008B cos(x)=00D6 sin(x)^2 + cos(x)^2 = 00FD
x=0095 sin(x)=008C cos(x)=00D5 sin(x)^2 + cos(x)^2 = 00FD
x=0096 sin(x)=008D cos(x)=00D5 sin(x)^2 + cos(x)^2 = 00FE
x=0097 sin(x)=008E cos(x)=00D4 sin(x)^2 + cos(x)^2 = 00FD
x=0098 sin(x)=008F cos(x)=00D3 sin(x)^2 + cos(x)^2 = 00FC
x=0099 sin(x)=0090 cos(x)=00D3 sin(x)^2 + cos(x)^2 = 00FE
x=009A sin(x)=0090 cos(x)=00D3 sin(x)^2 + cos(x)^2 = 00FE
x=009B sin(x)=0091 cos(x)=00D3 sin(x)^2 + cos(x)^2 = 00FF
x=009C sin(x)=0092 cos(x)=00D2 sin(x)^2 + cos(x)^2 = 00FF
x=009D sin(x)=0093 cos(x)=00D1 sin(x)^2 + cos(x)^2 = 00FE
x=009E sin(x)=0094 cos(x)=00D1 sin(x)^2 + cos(x)^2 = 00FF
x=009F sin(x)=0095 cos(x)=00D0 sin(x)^2 + cos(x)^2 = 00FF
x=00A0 sin(x)=0095 cos(x)=00CF sin(x)^2 + cos(x)^2 = 00FD
x=00A1 sin(x)=0096 cos(x)=00CF sin(x)^2 + cos(x)^2 = 00FE
x=00A2 sin(x)=0097 cos(x)=00CE sin(x)^2 + cos(x)^2 = 00FE
x=00A3 sin(x)=0098 cos(x)=00CE sin(x)^2 + cos(x)^2 = 00FF
x=00A4 sin(x)=0099 cos(x)=00CD sin(x)^2 + cos(x)^2 = 00FF
x=00A5 sin(x)=009A cos(x)=00CC sin(x)^2 + cos(x)^2 = 00FE
x=00A6 sin(x)=009A cos(x)=00CC sin(x)^2 + cos(x)^2 = 00FE
x=00A7 sin(x)=009B cos(x)=00CB sin(x)^2 + cos(x)^2 = 00FD
x=00A8 sin(x)=009C cos(x)=00CA sin(x)^2 + cos(x)^2 = 00FE
x=00A9 sin(x)=009D cos(x)=00CA sin(x)^2 + cos(x)^2 = 00FF
x=00AA sin(x)=009D cos(x)=00C9 sin(x)^2 + cos(x)^2 = 00FD
x=00AB sin(x)=009E cos(x)=00C8 sin(x)^2 + cos(x)^2 = 00FD
x=00AC sin(x)=009F cos(x)=00C8 sin(x)^2 + cos(x)^2 = 00FE
x=00AD sin(x)=00A0 cos(x)=00C7 sin(x)^2 + cos(x)^2 = 00FE
x=00AE sin(x)=00A1 cos(x)=00C6 sin(x)^2 + cos(x)^2 = 00FE
x=00AF sin(x)=00A2 cos(x)=00C6 sin(x)^2 + cos(x)^2 = 00FF
x=00B0 sin(x)=00A2 cos(x)=00C5 sin(x)^2 + cos(x)^2 = 00FD
x=00B1 sin(x)=00A3 cos(x)=00C4 sin(x)^2 + cos(x)^2 = 00FD
x=00B2 sin(x)=00A4 cos(x)=00C4 sin(x)^2 + cos(x)^2 = 00FF
x=00B3 sin(x)=00A5 cos(x)=00C3 sin(x)^2 + cos(x)^2 = 00FE
x=00B4 sin(x)=00A5 cos(x)=00C2 sin(x)^2 + cos(x)^2 = 00FD
x=00B5 sin(x)=00A6 cos(x)=00C2 sin(x)^2 + cos(x)^2 = 00FE
x=00B6 sin(x)=00A7 cos(x)=00C2 sin(x)^2 + cos(x)^2 = 00FF
x=00B7 sin(x)=00A7 cos(x)=00C1 sin(x)^2 + cos(x)^2 = 00FD
x=00B8 sin(x)=00A8 cos(x)=00C0 sin(x)^2 + cos(x)^2 = 00FE
x=00B9 sin(x)=00A9 cos(x)=00C0 sin(x)^2 + cos(x)^2 = 00FF
x=00BA sin(x)=00AA cos(x)=00BF sin(x)^2 + cos(x)^2 = 00FE
x=00BB sin(x)=00AA cos(x)=00BE sin(x)^2 + cos(x)^2 = 00FD
x=00BC sin(x)=00AB cos(x)=00BD sin(x)^2 + cos(x)^2 = 00FD
x=00BD sin(x)=00AC cos(x)=00BD sin(x)^2 + cos(x)^2 = 00FE
x=00BE sin(x)=00AC cos(x)=00BC sin(x)^2 + cos(x)^2 = 00FD
x=00BF sin(x)=00AD cos(x)=00BB sin(x)^2 + cos(x)^2 = 00FC
x=00C0 sin(x)=00AE cos(x)=00BA sin(x)^2 + cos(x)^2 = 00FD
x=00C1 sin(x)=00AE cos(x)=00BA sin(x)^2 + cos(x)^2 = 00FD
x=00C2 sin(x)=00AF cos(x)=00B9 sin(x)^2 + cos(x)^2 = 00FC
x=00C3 sin(x)=00B0 cos(x)=00B8 sin(x)^2 + cos(x)^2 = 00FD
x=00C4 sin(x)=00B0 cos(x)=00B7 sin(x)^2 + cos(x)^2 = 00FB
x=00C5 sin(x)=00B1 cos(x)=00B7 sin(x)^2 + cos(x)^2 = 00FC
x=00C6 sin(x)=00B2 cos(x)=00B6 sin(x)^2 + cos(x)^2 = 00FC
x=00C7 sin(x)=00B3 cos(x)=00B5 sin(x)^2 + cos(x)^2 = 00FC
x=00C8 sin(x)=00B3 cos(x)=00B4 sin(x)^2 + cos(x)^2 = 00FB
x=00C9 sin(x)=00B4 cos(x)=00B4 sin(x)^2 + cos(x)^2 = 00FC
x=00CA sin(x)=00B5 cos(x)=00B4 sin(x)^2 + cos(x)^2 = 00FD
x=00CB sin(x)=00B6 cos(x)=00B3 sin(x)^2 + cos(x)^2 = 00FE
x=00CC sin(x)=00B6 cos(x)=00B2 sin(x)^2 + cos(x)^2 = 00FC
x=00CD sin(x)=00B7 cos(x)=00B1 sin(x)^2 + cos(x)^2 = 00FC
x=00CE sin(x)=00B8 cos(x)=00B1 sin(x)^2 + cos(x)^2 = 00FE
x=00CF sin(x)=00B9 cos(x)=00B0 sin(x)^2 + cos(x)^2 = 00FE
x=00D0 sin(x)=00B9 cos(x)=00AF sin(x)^2 + cos(x)^2 = 00FC
x=00D1 sin(x)=00BA cos(x)=00AE sin(x)^2 + cos(x)^2 = 00FD
x=00D2 sin(x)=00BA cos(x)=00AD sin(x)^2 + cos(x)^2 = 00FB
x=00D3 sin(x)=00BB cos(x)=00AD sin(x)^2 + cos(x)^2 = 00FC
x=00D4 sin(x)=00BB cos(x)=00AC sin(x)^2 + cos(x)^2 = 00FB
x=00D5 sin(x)=00BC cos(x)=00AB sin(x)^2 + cos(x)^2 = 00FC
x=00D6 sin(x)=00BD cos(x)=00AA sin(x)^2 + cos(x)^2 = 00FB
x=00D7 sin(x)=00BE cos(x)=00A9 sin(x)^2 + cos(x)^2 = 00FC
x=00D8 sin(x)=00BE cos(x)=00AA sin(x)^2 + cos(x)^2 = 00FD
x=00D9 sin(x)=00BF cos(x)=00AA sin(x)^2 + cos(x)^2 = 00FE
x=00DA sin(x)=00C0 cos(x)=00A9 sin(x)^2 + cos(x)^2 = 00FF
x=00DB sin(x)=00C1 cos(x)=00A8 sin(x)^2 + cos(x)^2 = 00FF
x=00DC sin(x)=00C2 cos(x)=00A7 sin(x)^2 + cos(x)^2 = 00FF
x=00DD sin(x)=00C3 cos(x)=00A6 sin(x)^2 + cos(x)^2 = 00FF
x=00DE sin(x)=00C3 cos(x)=00A5 sin(x)^2 + cos(x)^2 = 00FE
x=00DF sin(x)=00C3 cos(x)=00A4 sin(x)^2 + cos(x)^2 = 00FD
x=00E0 sin(x)=00C4 cos(x)=00A3 sin(x)^2 + cos(x)^2 = 00FD
x=00E1 sin(x)=00C4 cos(x)=00A3 sin(x)^2 + cos(x)^2 = 00FD
x=00E2 sin(x)=00C5 cos(x)=00A2 sin(x)^2 + cos(x)^2 = 00FD
x=00E3 sin(x)=00C6 cos(x)=00A1 sin(x)^2 + cos(x)^2 = 00FE
x=00E4 sin(x)=00C7 cos(x)=00A0 sin(x)^2 + cos(x)^2 = 00FE
x=00E5 sin(x)=00C8 cos(x)=00A0 sin(x)^2 + cos(x)^2 = 0100
x=00E6 sin(x)=00C8 cos(x)=009F sin(x)^2 + cos(x)^2 = 00FE
x=00E7 sin(x)=00C9 cos(x)=009E sin(x)^2 + cos(x)^2 = 00FE
x=00E8 sin(x)=00C9 cos(x)=009D sin(x)^2 + cos(x)^2 = 00FD
x=00E9 sin(x)=00CA cos(x)=009C sin(x)^2 + cos(x)^2 = 00FE
x=00EA sin(x)=00CA cos(x)=009C sin(x)^2 + cos(x)^2 = 00FE
x=00EB sin(x)=00CB cos(x)=009B sin(x)^2 + cos(x)^2 = 00FD
x=00EC sin(x)=00CB cos(x)=009A sin(x)^2 + cos(x)^2 = 00FC
x=00ED sin(x)=00CC cos(x)=0099 sin(x)^2 + cos(x)^2 = 00FD
x=00EE sin(x)=00CC cos(x)=0098 sin(x)^2 + cos(x)^2 = 00FC
x=00EF sin(x)=00CD cos(x)=0098 sin(x)^2 + cos(x)^2 = 00FE
x=00F0 sin(x)=00CE cos(x)=0097 sin(x)^2 + cos(x)^2 = 00FE
x=00F1 sin(x)=00CF cos(x)=0096 sin(x)^2 + cos(x)^2 = 00FE
x=00F2 sin(x)=00CF cos(x)=0095 sin(x)^2 + cos(x)^2 = 00FD
x=00F3 sin(x)=00CF cos(x)=0094 sin(x)^2 + cos(x)^2 = 00FC
x=00F4 sin(x)=00CF cos(x)=0093 sin(x)^2 + cos(x)^2 = 00FB
x=00F5 sin(x)=00D0 cos(x)=0092 sin(x)^2 + cos(x)^2 = 00FC
x=00F6 sin(x)=00D1 cos(x)=0091 sin(x)^2 + cos(x)^2 = 00FC
x=00F7 sin(x)=00D2 cos(x)=0090 sin(x)^2 + cos(x)^2 = 00FD
x=00F8 sin(x)=00D2 cos(x)=0090 sin(x)^2 + cos(x)^2 = 00FD
x=00F9 sin(x)=00D3 cos(x)=008F sin(x)^2 + cos(x)^2 = 00FC
x=00FA sin(x)=00D2 cos(x)=008E sin(x)^2 + cos(x)^2 = 00FA
x=00FB sin(x)=00D3 cos(x)=008D sin(x)^2 + cos(x)^2 = 00FA
x=00FC sin(x)=00D4 cos(x)=008C sin(x)^2 + cos(x)^2 = 00FB
x=00FD sin(x)=00D5 cos(x)=008B sin(x)^2 + cos(x)^2 = 00FC
x=00FE sin(x)=00D5 cos(x)=008A sin(x)^2 + cos(x)^2 = 00FB
x=00FF sin(x)=00D6 cos(x)=0089 sin(x)^2 + cos(x)^2 = 00FB
x=0100 sin(x)=00D7 cos(x)=008A sin(x)^2 + cos(x)^2 = 00FE
x=0101 sin(x)=00D7 cos(x)=0089 sin(x)^2 + cos(x)^2 = 00FD
x=0102 sin(x)=00D8 cos(x)=0088 sin(x)^2 + cos(x)^2 = 00FE
x=0103 sin(x)=00D9 cos(x)=0087 sin(x)^2 + cos(x)^2 = 00FE
x=0104 sin(x)=00D9 cos(x)=0086 sin(x)^2 + cos(x)^2 = 00FD
x=0105 sin(x)=00DA cos(x)=0085 sin(x)^2 + cos(x)^2 = 00FE
x=0106 sin(x)=00DB cos(x)=0084 sin(x)^2 + cos(x)^2 = 00FF
x=0107 sin(x)=00DB cos(x)=0083 sin(x)^2 + cos(x)^2 = 00FE
x=0108 sin(x)=00DB cos(x)=0083 sin(x)^2 + cos(x)^2 = 00FE
x=0109 sin(x)=00DC cos(x)=0082 sin(x)^2 + cos(x)^2 = 00FF
x=010A sin(x)=00DC cos(x)=0081 sin(x)^2 + cos(x)^2 = 00FE
x=010B sin(x)=00DD cos(x)=0080 sin(x)^2 + cos(x)^2 = 00FE
x=010C sin(x)=00DD cos(x)=007F sin(x)^2 + cos(x)^2 = 00FD
x=010D sin(x)=00DE cos(x)=007E sin(x)^2 + cos(x)^2 = 00FE
x=010E sin(x)=00DE cos(x)=007D sin(x)^2 + cos(x)^2 = 00FD
x=010F sin(x)=00DF cos(x)=007C sin(x)^2 + cos(x)^2 = 00FE
x=0110 sin(x)=00DF cos(x)=007C sin(x)^2 + cos(x)^2 = 00FE
x=0111 sin(x)=00DF cos(x)=007B sin(x)^2 + cos(x)^2 = 00FD
x=0112 sin(x)=00E0 cos(x)=007A sin(x)^2 + cos(x)^2 = 00FE
x=0113 sin(x)=00E1 cos(x)=0079 sin(x)^2 + cos(x)^2 = 00FE
x=0114 sin(x)=00E1 cos(x)=0078 sin(x)^2 + cos(x)^2 = 00FD
x=0115 sin(x)=00E2 cos(x)=0077 sin(x)^2 + cos(x)^2 = 00FE
x=0116 sin(x)=00E1 cos(x)=0076 sin(x)^2 + cos(x)^2 = 00FB
x=0117 sin(x)=00E2 cos(x)=0075 sin(x)^2 + cos(x)^2 = 00FC
x=0118 sin(x)=00E3 cos(x)=0074 sin(x)^2 + cos(x)^2 = 00FD
x=0119 sin(x)=00E4 cos(x)=0073 sin(x)^2 + cos(x)^2 = 00FE
x=011A sin(x)=00E4 cos(x)=0072 sin(x)^2 + cos(x)^2 = 00FD
x=011B sin(x)=00E4 cos(x)=0071 sin(x)^2 + cos(x)^2 = 00FC
x=011C sin(x)=00E4 cos(x)=0072 sin(x)^2 + cos(x)^2 = 00FD
x=011D sin(x)=00E5 cos(x)=0071 sin(x)^2 + cos(x)^2 = 00FD
x=011E sin(x)=00E6 cos(x)=0070 sin(x)^2 + cos(x)^2 = 00FF
x=011F sin(x)=00E6 cos(x)=006F sin(x)^2 + cos(x)^2 = 00FE
x=0120 sin(x)=00E6 cos(x)=006D sin(x)^2 + cos(x)^2 = 00FC
x=0121 sin(x)=00E7 cos(x)=006C sin(x)^2 + cos(x)^2 = 00FD
x=0122 sin(x)=00E8 cos(x)=006C sin(x)^2 + cos(x)^2 = 00FF
x=0123 sin(x)=00E9 cos(x)=006B sin(x)^2 + cos(x)^2 = 0100
x=0124 sin(x)=00E8 cos(x)=006A sin(x)^2 + cos(x)^2 = 00FD
x=0125 sin(x)=00E9 cos(x)=0069 sin(x)^2 + cos(x)^2 = 00FF
x=0126 sin(x)=00E9 cos(x)=0068 sin(x)^2 + cos(x)^2 = 00FE
x=0127 sin(x)=00E9 cos(x)=0067 sin(x)^2 + cos(x)^2 = 00FD
x=0128 sin(x)=00EA cos(x)=0066 sin(x)^2 + cos(x)^2 = 00FD
x=0129 sin(x)=00EB cos(x)=0065 sin(x)^2 + cos(x)^2 = 00FE
x=012A sin(x)=00EB cos(x)=0064 sin(x)^2 + cos(x)^2 = 00FE
x=012B sin(x)=00EB cos(x)=0063 sin(x)^2 + cos(x)^2 = 00FD
x=012C sin(x)=00EB cos(x)=0062 sin(x)^2 + cos(x)^2 = 00FC
x=012D sin(x)=00EC cos(x)=0062 sin(x)^2 + cos(x)^2 = 00FE
x=012E sin(x)=00EB cos(x)=0060 sin(x)^2 + cos(x)^2 = 00FB
x=012F sin(x)=00EC cos(x)=005F sin(x)^2 + cos(x)^2 = 00FC
x=0130 sin(x)=00EC cos(x)=005E sin(x)^2 + cos(x)^2 = 00FB
x=0131 sin(x)=00ED cos(x)=005D sin(x)^2 + cos(x)^2 = 00FC
x=0132 sin(x)=00ED cos(x)=005E sin(x)^2 + cos(x)^2 = 00FD
x=0133 sin(x)=00EE cos(x)=005C sin(x)^2 + cos(x)^2 = 00FE
x=0134 sin(x)=00EF cos(x)=005B sin(x)^2 + cos(x)^2 = 00FF
x=0135 sin(x)=00F0 cos(x)=005A sin(x)^2 + cos(x)^2 = 0100
x=0136 sin(x)=00EF cos(x)=005A sin(x)^2 + cos(x)^2 = 00FE
x=0137 sin(x)=00F0 cos(x)=0059 sin(x)^2 + cos(x)^2 = 00FF
x=0138 sin(x)=00F0 cos(x)=0057 sin(x)^2 + cos(x)^2 = 00FE
x=0139 sin(x)=00F0 cos(x)=0056 sin(x)^2 + cos(x)^2 = 00FD
x=013A sin(x)=00F0 cos(x)=0056 sin(x)^2 + cos(x)^2 = 00FD
x=013B sin(x)=00F1 cos(x)=0055 sin(x)^2 + cos(x)^2 = 00FE
x=013C sin(x)=00F1 cos(x)=0053 sin(x)^2 + cos(x)^2 = 00FC
x=013D sin(x)=00F2 cos(x)=0052 sin(x)^2 + cos(x)^2 = 00FE
x=013E sin(x)=00F2 cos(x)=0051 sin(x)^2 + cos(x)^2 = 00FD
x=013F sin(x)=00F2 cos(x)=0051 sin(x)^2 + cos(x)^2 = 00FD
x=0140 sin(x)=00F2 cos(x)=004F sin(x)^2 + cos(x)^2 = 00FC
x=0141 sin(x)=00F3 cos(x)=004E sin(x)^2 + cos(x)^2 = 00FD
x=0142 sin(x)=00F2 cos(x)=004D sin(x)^2 + cos(x)^2 = 00FB
x=0143 sin(x)=00F3 cos(x)=004E sin(x)^2 + cos(x)^2 = 00FD
x=0144 sin(x)=00F4 cos(x)=004C sin(x)^2 + cos(x)^2 = 00FE
x=0145 sin(x)=00F5 cos(x)=004B sin(x)^2 + cos(x)^2 = 00FF
x=0146 sin(x)=00F5 cos(x)=004A sin(x)^2 + cos(x)^2 = 00FF
x=0147 sin(x)=00F6 cos(x)=004A sin(x)^2 + cos(x)^2 = 0101
x=0148 sin(x)=00F4 cos(x)=0048 sin(x)^2 + cos(x)^2 = 00FC
x=0149 sin(x)=00F5 cos(x)=0047 sin(x)^2 + cos(x)^2 = 00FD
x=014A sin(x)=00F6 cos(x)=0046 sin(x)^2 + cos(x)^2 = 00FF
x=014B sin(x)=00F6 cos(x)=0046 sin(x)^2 + cos(x)^2 = 00FF
x=014C sin(x)=00F6 cos(x)=0044 sin(x)^2 + cos(x)^2 = 00FE
x=014D sin(x)=00F7 cos(x)=0043 sin(x)^2 + cos(x)^2 = 00FF
x=014E sin(x)=00F6 cos(x)=0042 sin(x)^2 + cos(x)^2 = 00FD
x=014F sin(x)=00F7 cos(x)=0041 sin(x)^2 + cos(x)^2 = 00FE
x=0150 sin(x)=00F6 cos(x)=0040 sin(x)^2 + cos(x)^2 = 00FC
x=0151 sin(x)=00F7 cos(x)=003F sin(x)^2 + cos(x)^2 = 00FD
x=0152 sin(x)=00F6 cos(x)=003F sin(x)^2 + cos(x)^2 = 00FB
x=0153 sin(x)=00F7 cos(x)=003E sin(x)^2 + cos(x)^2 = 00FD
x=0154 sin(x)=00F9 cos(x)=003D sin(x)^2 + cos(x)^2 = 0100
x=0155 sin(x)=00FA cos(x)=003C sin(x)^2 + cos(x)^2 = 0102
x=0156 sin(x)=00F8 cos(x)=003B sin(x)^2 + cos(x)^2 = 00FD
x=0157 sin(x)=00F9 cos(x)=003A sin(x)^2 + cos(x)^2 = 00FF
x=0158 sin(x)=00F9 cos(x)=0039 sin(x)^2 + cos(x)^2 = 00FE
x=0159 sin(x)=00FA cos(x)=0038 sin(x)^2 + cos(x)^2 = 0100
x=015A sin(x)=00FA cos(x)=0037 sin(x)^2 + cos(x)^2 = 00FF
x=015B sin(x)=00FA cos(x)=0035 sin(x)^2 + cos(x)^2 = 00FE
x=015C sin(x)=00FA cos(x)=0035 sin(x)^2 + cos(x)^2 = 00FE
x=015D sin(x)=00FA cos(x)=0034 sin(x)^2 + cos(x)^2 = 00FE
x=015E sin(x)=00FA cos(x)=0032 sin(x)^2 + cos(x)^2 = 00FD
x=015F sin(x)=00FA cos(x)=0033 sin(x)^2 + cos(x)^2 = 00FE
x=0160 sin(x)=00FB cos(x)=0031 sin(x)^2 + cos(x)^2 = 00FF
x=0161 sin(x)=00FC cos(x)=0030 sin(x)^2 + cos(x)^2 = 0101
x=0162 sin(x)=00FB cos(x)=0030 sin(x)^2 + cos(x)^2 = 00FF
x=0163 sin(x)=00FC cos(x)=002E sin(x)^2 + cos(x)^2 = 0100
x=0164 sin(x)=00FB cos(x)=002D sin(x)^2 + cos(x)^2 = 00FD
x=0165 sin(x)=00FC cos(x)=002D sin(x)^2 + cos(x)^2 = 00FF
x=0166 sin(x)=00FB cos(x)=002B sin(x)^2 + cos(x)^2 = 00FD
x=0167 sin(x)=00FC cos(x)=002A sin(x)^2 + cos(x)^2 = 00FE
x=0168 sin(x)=00FB cos(x)=0029 sin(x)^2 + cos(x)^2 = 00FC
x=0169 sin(x)=00FC cos(x)=0028 sin(x)^2 + cos(x)^2 = 00FE
x=016A sin(x)=00FD cos(x)=0027 sin(x)^2 + cos(x)^2 = 00FF
x=016B sin(x)=00FD cos(x)=0027 sin(x)^2 + cos(x)^2 = 00FF
x=016C sin(x)=00FD cos(x)=0026 sin(x)^2 + cos(x)^2 = 00FF
x=016D sin(x)=00FD cos(x)=0025 sin(x)^2 + cos(x)^2 = 00FF
x=016E sin(x)=00FE cos(x)=0024 sin(x)^2 + cos(x)^2 = 0101
x=016F sin(x)=00FF cos(x)=0022 sin(x)^2 + cos(x)^2 = 0102
x=0170 sin(x)=00FD cos(x)=0022 sin(x)^2 + cos(x)^2 = 00FE
x=0171 sin(x)=00FD cos(x)=0021 sin(x)^2 + cos(x)^2 = 00FE
x=0172 sin(x)=00FE cos(x)=001F sin(x)^2 + cos(x)^2 = 00FF
x=0173 sin(x)=00FF cos(x)=001F sin(x)^2 + cos(x)^2 = 0101
x=0174 sin(x)=00FC cos(x)=001D sin(x)^2 + cos(x)^2 = 00FB
x=0175 sin(x)=00FD cos(x)=001C sin(x)^2 + cos(x)^2 = 00FD
x=0176 sin(x)=00FF cos(x)=001C sin(x)^2 + cos(x)^2 = 0101
x=0177 sin(x)=0100 cos(x)=001B sin(x)^2 + cos(x)^2 = 0102
x=0178 sin(x)=00FE cos(x)=001A sin(x)^2 + cos(x)^2 = 00FE
x=0179 sin(x)=00FE cos(x)=0019 sin(x)^2 + cos(x)^2 = 00FE
x=017A sin(x)=00FF cos(x)=0018 sin(x)^2 + cos(x)^2 = 0100
x=017B sin(x)=0100 cos(x)=0017 sin(x)^2 + cos(x)^2 = 0102
x=017C sin(x)=00FD cos(x)=0015 sin(x)^2 + cos(x)^2 = 00FB
x=017D sin(x)=00FE cos(x)=0015 sin(x)^2 + cos(x)^2 = 00FD
x=017E sin(x)=00FF cos(x)=0013 sin(x)^2 + cos(x)^2 = 00FF
x=017F sin(x)=00FF cos(x)=0012 sin(x)^2 + cos(x)^2 = 00FF
x=0180 sin(x)=00FF cos(x)=0012 sin(x)^2 + cos(x)^2 = 00FF
x=0181 sin(x)=00FF cos(x)=0011 sin(x)^2 + cos(x)^2 = 00FF
x=0182 sin(x)=0100 cos(x)=0010 sin(x)^2 + cos(x)^2 = 0101
x=0183 sin(x)=0100 cos(x)=000F sin(x)^2 + cos(x)^2 = 0100
x=0184 sin(x)=00FE cos(x)=000E sin(x)^2 + cos(x)^2 = 00FC
x=0185 sin(x)=00FF cos(x)=000D sin(x)^2 + cos(x)^2 = 00FE
x=0186 sin(x)=00FF cos(x)=000C sin(x)^2 + cos(x)^2 = 00FE
x=0187 sin(x)=0100 cos(x)=000B sin(x)^2 + cos(x)^2 = 0100
x=0188 sin(x)=00FE cos(x)=0009 sin(x)^2 + cos(x)^2 = 00FC
x=0189 sin(x)=00FE cos(x)=000A sin(x)^2 + cos(x)^2 = 00FC
x=018A sin(x)=00FF cos(x)=0008 sin(x)^2 + cos(x)^2 = 00FE
x=018B sin(x)=0100 cos(x)=0008 sin(x)^2 + cos(x)^2 = 0100
x=018C sin(x)=00FF cos(x)=0006 sin(x)^2 + cos(x)^2 = 00FE
x=018D sin(x)=00FF cos(x)=0006 sin(x)^2 + cos(x)^2 = 00FE
x=018E sin(x)=0100 cos(x)=0004 sin(x)^2 + cos(x)^2 = 0100
x=018F sin(x)=0101 cos(x)=0003 sin(x)^2 + cos(x)^2 = 0102
x=0190 sin(x)=00FE cos(x)=0002 sin(x)^2 + cos(x)^2 = 00FC
x=0191 sin(x)=00FF cos(x)=0002 sin(x)^2 + cos(x)^2 = 00FE

